
[1;34m▶ 检查前置条件[0m

[1;34m▶ 本次发布版本：v1.0.14（内部构建号 16）[0m

[1;34m▶ 生成 Xcode 工程并做 Release 构建[0m
Command line invocation:
    /Applications/Xcode.app/Contents/Developer/usr/bin/xcodebuild -project HandySwitch.xcodeproj -scheme HandySwitch -configuration Release -destination platform=macOS -derivedDataPath build/DerivedData -allowProvisioningUpdates build

Resolve Package Graph


Resolved source packages:
  Sparkle: https://github.com/sparkle-project/Sparkle @ 2.9.6
  MacKit: https://github.com/x0c/mac-kit-swift @ 0.1.4

--- xcodebuild: WARNING: Using the first of multiple matching destinations:
{ platform:macOS, arch:arm64, id:00006000-001868123AFA401E, name:My Mac }
{ platform:macOS, arch:x86_64, id:00006000-001868123AFA401E, name:My Mac }
ComputePackagePrebuildTargetDependencyGraph

Prepare packages

CreateBuildRequest

SendProjectDescription

CreateBuildOperation

ComputeTargetDependencyGraph
note: Building targets in dependency order
note: Target dependency graph (12 targets)
    Target 'HandySwitch' in project 'HandySwitch'
        ➜ Explicit dependency on target 'MacKitCore' in project 'MacKit'
        ➜ Explicit dependency on target 'MacKitLaunchAtLogin' in project 'MacKit'
        ➜ Explicit dependency on target 'MacKitLifecycle' in project 'MacKit'
        ➜ Explicit dependency on target 'MacKitOverlay' in project 'MacKit'
        ➜ Explicit dependency on target 'MacKitUpdater' in project 'MacKit'
    Target 'MacKitUpdater' in project 'MacKit'
        ➜ Explicit dependency on target 'MacKitUpdater' in project 'MacKit'
        ➜ Explicit dependency on target 'MacKitCore' in project 'MacKit'
        ➜ Explicit dependency on target 'Sparkle' in project 'Sparkle'
    Target 'MacKitUpdater' in project 'MacKit'
        ➜ Explicit dependency on target 'MacKitCore' in project 'MacKit'
        ➜ Explicit dependency on target 'Sparkle' in project 'Sparkle'
    Target 'Sparkle' in project 'Sparkle' (no dependencies)
    Target 'MacKitOverlay' in project 'MacKit'
        ➜ Explicit dependency on target 'MacKitOverlay' in project 'MacKit'
        ➜ Explicit dependency on target 'MacKitCore' in project 'MacKit'
    Target 'MacKitOverlay' in project 'MacKit'
        ➜ Explicit dependency on target 'MacKitCore' in project 'MacKit'
    Target 'MacKitLifecycle' in project 'MacKit'
        ➜ Explicit dependency on target 'MacKitLifecycle' in project 'MacKit'
    Target 'MacKitLifecycle' in project 'MacKit' (no dependencies)
    Target 'MacKitLaunchAtLogin' in project 'MacKit'
        ➜ Explicit dependency on target 'MacKitLaunchAtLogin' in project 'MacKit'
        ➜ Explicit dependency on target 'MacKitCore' in project 'MacKit'
    Target 'MacKitLaunchAtLogin' in project 'MacKit'
        ➜ Explicit dependency on target 'MacKitCore' in project 'MacKit'
    Target 'MacKitCore' in project 'MacKit'
        ➜ Explicit dependency on target 'MacKitCore' in project 'MacKit'
    Target 'MacKitCore' in project 'MacKit' (no dependencies)

GatherProvisioningInputs

CreateBuildDescription

ExecuteExternalTool /Applications/Xcode.app/Contents/Developer/Toolchains/XcodeDefault.xctoolchain/usr/bin/swiftc --version

ExecuteExternalTool /Applications/Xcode.app/Contents/Developer/Toolchains/XcodeDefault.xctoolchain/usr/bin/clang -v -E -dM -isysroot /Applications/Xcode.app/Contents/Developer/Platforms/MacOSX.platform/Developer/SDKs/MacOSX26.2.sdk -x c -c /dev/null

ExecuteExternalTool /Applications/Xcode.app/Contents/Developer/usr/bin/actool --version --output-format xml1
